
192.168.1.10 - - [30/May/2026:09:15:23 +0000] "GET /api/users HTTP/1.1" 200 1234
192.168.1.11 - - [30/May/2026:09:22:45 +0000] "POST /login HTTP/1.1" 404 512
192.168.1.12 - - [30/May/2026:10:05:10 +0000] "GET /dashboard HTTP/1.1" 500 256
192.168.1.13 - - [30/May/2026:10:17:33 +0000] "GET /home HTTP/1.1" 200 1024
192.168.1.14 - - [30/May/2026:14:30:22 +0000] "GET /settings HTTP/1.1" 404 128
192.168.1.15 - - [30/May/2026:14:45:01 +0000] "PUT /profile HTTP/1.1" 500 64
192.168.1.16 - - [30/May/2026:15:02:19 +0000] "GET /reports HTTP/1.1" 200 2048
192.168.1.17 - - [30/May/2026:15:33:47 +0000] "DELETE /item HTTP/1.1" 404 32
 